// Jest Snapshot v1, https://goo.gl/fbAQLP

exports[`App component Route is rendered properly 1`] = `ShallowWrapper {}`;
